'aaaab' 9 
'aaaaa' 11 
'aaaab' 12 
'aabba' 1 
'babab' 3 
'ababa' 4 
'babaa' 7 
'ababa' 4 
'aabba' 1 
'babab' 3 
'abbaa' 5 
'bbbab' 6 
'babaa' 7 
'bbbaa' 8 
'abbba' 10 
'aabba' 1 
'ababa' 4 
'abbaa' 5 
'aaaab' 9 
'abbba' 10 
'aaaaa' 11 
'aaaab' 12 
'bbaab' 2 
'babab' 3 
'bbbab' 6 
'babaa' 7 
'bbbaa' 8 
